// Jest Snapshot v1, https://goo.gl/fbAQLP

exports[`Missions renders correctly 1`] = `
<ul
  className="m-0 p-0"
>
  <div
    className="container"
  >
    <table
      className="table table-striped table-bordered"
    >
      <thead>
        <tr>
          <th
            scope="col"
          >
            Mission
          </th>
          <th
            scope="col"
          >
            Description
          </th>
          <th
            scope="col"
          >
            Status
          </th>
          <th
            scope="col"
          >
            Action
          </th>
        </tr>
      </thead>
      <tbody />
    </table>
  </div>
</ul>
`;
